// Vitest Snapshot v1, https://vitest.dev/guide/snapshot.html

exports[`sql.binary 1`] = `"hello"`;
