// Jest Snapshot v1, https://goo.gl/fbAQLP

exports[`run migrations up and down 5`] = `
Array [
  Array [
    "getting pending migrations before initial 'up'",
  ],
  Array [
    "migrations in database:",
    Array [],
  ],
  Array [
    "== 01.one.sql: migrating =======",
  ],
  Array [
    "== 01.one.sql: migrated (?.???s)
",
  ],
  Array [
    "== 02.two.sql: migrating =======",
  ],
  Array [
    "== 02.two.sql: migrated (?.???s)
",
  ],
  Array [
    "== 03.three.js: migrating =======",
  ],
  Array [
    "== 03.three.js: migrated (?.???s)
",
  ],
  Array [
    "== 04.four.ts: migrating =======",
  ],
  Array [
    "== 04.four.ts: migrated (?.???s)
",
  ],
  Array [
    "migrations in database:",
    Array [
      Object {
        "hash": "68a0494793",
        "name": "01.one.sql",
      },
      Object {
        "hash": "a65a32e9d3",
        "name": "02.two.sql",
      },
      Object {
        "hash": "a97f6162ee",
        "name": "03.three.js",
      },
      Object {
        "hash": "a6f0526ce6",
        "name": "04.four.ts",
      },
    ],
  ],
  Array [
    "== 04.four.ts: reverting =======",
  ],
  Array [
    "== 04.four.ts: reverted (?.???s)
",
  ],
  Array [
    "migrations in database:",
    Array [
      Object {
        "hash": "68a0494793",
        "name": "01.one.sql",
      },
      Object {
        "hash": "a65a32e9d3",
        "name": "02.two.sql",
      },
      Object {
        "hash": "a97f6162ee",
        "name": "03.three.js",
      },
    ],
  ],
  Array [
    "== 03.three.js: reverting =======",
  ],
  Array [
    "== 03.three.js: reverted (?.???s)
",
  ],
  Array [
    "migrations in database:",
    Array [
      Object {
        "hash": "68a0494793",
        "name": "01.one.sql",
      },
      Object {
        "hash": "a65a32e9d3",
        "name": "02.two.sql",
      },
    ],
  ],
  Array [
    "== 03.three.js: migrating =======",
  ],
  Array [
    "== 03.three.js: migrated (?.???s)
",
  ],
  Array [
    "== 04.four.ts: migrating =======",
  ],
  Array [
    "== 04.four.ts: migrated (?.???s)
",
  ],
  Array [
    "migrations in database:",
    Array [
      Object {
        "hash": "68a0494793",
        "name": "01.one.sql",
      },
      Object {
        "hash": "a65a32e9d3",
        "name": "02.two.sql",
      },
      Object {
        "hash": "a97f6162ee",
        "name": "03.three.js",
      },
      Object {
        "hash": "a6f0526ce6",
        "name": "04.four.ts",
      },
    ],
  ],
  Array [
    "== 04.four.ts: reverting =======",
  ],
  Array [
    "== 04.four.ts: reverted (?.???s)
",
  ],
  Array [
    "== 03.three.js: reverting =======",
  ],
  Array [
    "== 03.three.js: reverted (?.???s)
",
  ],
  Array [
    "== 02.two.sql: reverting =======",
  ],
  Array [
    "== 02.two.sql: reverted (?.???s)
",
  ],
  Array [
    "migrations in database:",
    Array [
      Object {
        "hash": "68a0494793",
        "name": "01.one.sql",
      },
    ],
  ],
  Array [
    "== 01.one.sql: reverting =======",
  ],
  Array [
    "== 01.one.sql: reverted (?.???s)
",
  ],
  Array [
    "migrations in database:",
    Array [],
  ],
  Array [
    "== 01.one.sql: migrating =======",
  ],
  Array [
    "== 01.one.sql: migrated (?.???s)
",
  ],
  Array [
    "== 02.two.sql: migrating =======",
  ],
  Array [
    "== 02.two.sql: migrated (?.???s)
",
  ],
  Array [
    "== 03.three.js: migrating =======",
  ],
  Array [
    "== 03.three.js: migrated (?.???s)
",
  ],
  Array [
    "migrations in database:",
    Array [
      Object {
        "hash": "68a0494793",
        "name": "01.one.sql",
      },
      Object {
        "hash": "a65a32e9d3",
        "name": "02.two.sql",
      },
      Object {
        "hash": "a97f6162ee",
        "name": "03.three.js",
      },
    ],
  ],
]
`;
